Drawable.hpp:121:18:virtual void touchgfx::Drawable::invalidateContent() const	0	static
Drawable.hpp:147:23:virtual touchgfx::Drawable* touchgfx::Drawable::getFirstChild()	0	static
Drawable.hpp:315:18:virtual void touchgfx::Drawable::setX(int16_t)	0	static
Drawable.hpp:327:18:virtual void touchgfx::Drawable::setY(int16_t)	0	static
Drawable.hpp:356:18:virtual void touchgfx::Drawable::setWidth(int16_t)	0	static
Drawable.hpp:368:18:virtual void touchgfx::Drawable::setHeight(int16_t)	0	static
Drawable.hpp:378:18:virtual void touchgfx::Drawable::childGeometryChanged()	0	static
Drawable.hpp:389:18:virtual void touchgfx::Drawable::handleClickEvent(const touchgfx::ClickEvent&)	0	static
Drawable.hpp:401:18:virtual void touchgfx::Drawable::handleGestureEvent(const touchgfx::GestureEvent&)	0	static
Drawable.hpp:490:18:virtual void touchgfx::Drawable::handleDragEvent(const touchgfx::DragEvent&)	0	static
Drawable.hpp:501:18:virtual void touchgfx::Drawable::handleTickEvent()	0	static
Drawable.hpp:588:18:virtual void touchgfx::Drawable::moveTo(int16_t, int16_t)	4	static
Drawable.hpp:703:18:virtual void touchgfx::Drawable::setupDrawChain(const touchgfx::Rect&, touchgfx::Drawable**)	0	static
Widget.hpp:45:18:virtual void touchgfx::Widget::getLastChild(int16_t, int16_t, touchgfx::Drawable**)	0	static
Container.hpp:165:23:virtual touchgfx::Drawable* touchgfx::Container::getFirstChild()	0	static
Screen.hpp:93:18:virtual void touchgfx::Screen::setupScreen()	0	static
Screen.hpp:104:18:virtual void touchgfx::Screen::afterTransition()	0	static
Screen.hpp:115:18:virtual void touchgfx::Screen::tearDownScreen()	0	static
Screen.hpp:144:18:virtual void touchgfx::Screen::handleTickEvent()	0	static
Screen.hpp:154:18:virtual void touchgfx::Screen::handleKeyEvent(uint8_t)	0	static
AbstractPainter.hpp:61:34:virtual touchgfx::HAL::RenderingMethod touchgfx::AbstractPainter::getRenderingMethod() const	0	static
AbstractPainter.hpp:78:18:virtual bool touchgfx::AbstractPainter::setup(const touchgfx::Rect&) const	0	static
AbstractPainter.hpp:90:18:virtual void touchgfx::AbstractPainter::tearDown() const	0	static
TypedText.hpp:65:13:touchgfx::TypedText::~TypedText()	0	static
TextArea.hpp:48:18:virtual void touchgfx::TextArea::setWidth(int16_t)	32	static
TextArea.hpp:54:18:virtual void touchgfx::TextArea::setHeight(int16_t)	32	static
TextArea.hpp:60:18:virtual touchgfx::Rect touchgfx::TextArea::getSolidRect() const	0	static
TextArea.hpp:89:18:virtual void touchgfx::TextArea::setAlpha(uint8_t)	0	static
TextArea.hpp:127:18:virtual void touchgfx::TextArea::setXBaselineY(int16_t, int16_t)	16	static
TextArea.hpp:403:41:virtual const UnicodeChar* touchgfx::TextArea::getWildcard2() const	0	static
TextAreaWithWildcard.hpp:43:18:virtual void touchgfx::TextAreaWithWildcardBase::invalidateContent() const	8	static
TextAreaWithWildcard.hpp:84:41:virtual const UnicodeChar* touchgfx::TextAreaWithOneWildcard::getWildcard1() const	0	static
TextAreaWithWildcard.hpp:147:41:virtual const UnicodeChar* touchgfx::TextAreaWithTwoWildcards::getWildcard1() const	0	static
TextAreaWithWildcard.hpp:166:41:virtual const UnicodeChar* touchgfx::TextAreaWithTwoWildcards::getWildcard2() const	0	static
AbstractButtonContainer.hpp:114:18:virtual void touchgfx::AbstractButtonContainer::handlePressedUpdated()	0	static
AbstractButtonContainer.hpp:119:18:virtual void touchgfx::AbstractButtonContainer::handleAlphaUpdated()	0	static
AbstractButtonContainer.hpp:34:7:touchgfx::AbstractButtonContainer::~AbstractButtonContainer()	0	static
Screen2ViewBase.hpp:27:18:virtual void Screen2ViewBase::stopTimer()	0	static
View.hpp:36:7:touchgfx::View<Screen2Presenter>::~View()	0	static
Screen2ViewBase.cpp:68:6:virtual void Screen2ViewBase::setupScreen()	0	static
ClickButtonTrigger.hpp:35:7:touchgfx::ClickButtonTrigger::~ClickButtonTrigger()	0	static
BoxWithBorderButtonStyle.hpp:41:7:touchgfx::BoxWithBorderButtonStyle<touchgfx::ClickButtonTrigger>::~BoxWithBorderButtonStyle()	0	static
BoxWithBorderButtonStyle.hpp:123:18:void touchgfx::BoxWithBorderButtonStyle<T>::handlePressedUpdated() [with T = touchgfx::ClickButtonTrigger]	0	static
TextButtonStyle.hpp:138:18:void touchgfx::TextButtonStyle<T>::handlePressedUpdated() [with T = touchgfx::BoxWithBorderButtonStyle<touchgfx::ClickButtonTrigger>]	8	static
Callback.hpp:357:8:touchgfx::Callback<Screen2ViewBase, const touchgfx::AbstractButtonContainer&>::~Callback()	0	static
TextButtonStyle.hpp:43:7:touchgfx::TextButtonStyle<touchgfx::BoxWithBorderButtonStyle<touchgfx::ClickButtonTrigger> >::~TextButtonStyle()	0	static
TextAreaWithWildcard.hpp:125:7:touchgfx::TextAreaWithTwoWildcards::~TextAreaWithTwoWildcards()	0	static
TextAreaWithWildcard.hpp:62:7:touchgfx::TextAreaWithOneWildcard::~TextAreaWithOneWildcard()	0	static
Callback.hpp:386:18:void touchgfx::Callback<dest_type, T1, void, void>::execute(T1) [with dest_type = Screen2ViewBase; T1 = const touchgfx::AbstractButtonContainer&]	8	static
Callback.hpp:396:18:bool touchgfx::Callback<dest_type, T1, void, void>::isValid() const [with dest_type = Screen2ViewBase; T1 = const touchgfx::AbstractButtonContainer&]	0	static
TextButtonStyle.hpp:145:18:void touchgfx::TextButtonStyle<T>::handleAlphaUpdated() [with T = touchgfx::BoxWithBorderButtonStyle<touchgfx::ClickButtonTrigger>]	0	static
BoxWithBorderButtonStyle.hpp:131:18:void touchgfx::BoxWithBorderButtonStyle<T>::handleAlphaUpdated() [with T = touchgfx::ClickButtonTrigger]	0	static
TypedText.hpp:65:13:virtual touchgfx::TypedText::~TypedText()	8	static
View.hpp:36:7:virtual touchgfx::View<Screen2Presenter>::~View()	8	static
AbstractButtonContainer.hpp:34:7:virtual touchgfx::AbstractButtonContainer::~AbstractButtonContainer()	8	static
ClickButtonTrigger.hpp:35:7:virtual touchgfx::ClickButtonTrigger::~ClickButtonTrigger()	8	static
BoxWithBorderButtonStyle.hpp:41:7:virtual touchgfx::BoxWithBorderButtonStyle<touchgfx::ClickButtonTrigger>::~BoxWithBorderButtonStyle()	8	static
TextButtonStyle.hpp:43:7:virtual touchgfx::TextButtonStyle<touchgfx::BoxWithBorderButtonStyle<touchgfx::ClickButtonTrigger> >::~TextButtonStyle()	8	static
TextAreaWithWildcard.hpp:125:7:virtual touchgfx::TextAreaWithTwoWildcards::~TextAreaWithTwoWildcards()	8	static
TextAreaWithWildcard.hpp:62:7:virtual touchgfx::TextAreaWithOneWildcard::~TextAreaWithOneWildcard()	8	static
Callback.hpp:357:8:virtual touchgfx::Callback<Screen2ViewBase, const touchgfx::AbstractButtonContainer&>::~Callback()	8	static
TextArea.hpp:111:18:virtual void touchgfx::TextArea::setBaselineY(int16_t)	16	static
Screen2ViewBase.cpp:63:1:Screen2ViewBase::~Screen2ViewBase()	8	static
Screen2ViewBase.cpp:63:1:virtual Screen2ViewBase::~Screen2ViewBase()	8	static
AbstractButtonContainer.hpp:99:18:virtual void touchgfx::AbstractButtonContainer::executeAction()	8	static
ClickButtonTrigger.hpp:47:18:virtual void touchgfx::ClickButtonTrigger::handleClickEvent(const touchgfx::ClickEvent&)	16	static
Screen2ViewBase.cpp:73:6:void Screen2ViewBase::flexButtonCallbackHandler(const touchgfx::AbstractButtonContainer&)	8	static
TextAreaWithWildcard.hpp:49:36:virtual touchgfx::TextArea::BoundingArea touchgfx::TextAreaWithWildcardBase::calculateBoundingArea() const	0	static
Drawable.hpp:48:5:touchgfx::Drawable::Drawable()	0	static
Drawable.hpp:343:10:void touchgfx::Drawable::setXY(int16_t, int16_t)	16	static
Drawable.hpp:233:10:void touchgfx::Drawable::setPosition(int16_t, int16_t, int16_t, int16_t)	16	static
Box.hpp:33:5:touchgfx::Box::Box()	8	static
AbstractPainterRGB565.hpp:41:5:touchgfx::AbstractPainterRGB565::AbstractPainterRGB565()	16	static
TextArea.hpp:43:5:touchgfx::TextArea::TextArea()	8	static
TextButtonStyle.hpp:46:5:touchgfx::TextButtonStyle<T>::TextButtonStyle() [with T = touchgfx::BoxWithBorderButtonStyle<touchgfx::ClickButtonTrigger>]	16	static
Screen2ViewBase.cpp:10:1:Screen2ViewBase::Screen2ViewBase()	88	static
