C:/TouchGFXProjects/Pomodoro_0/Core/Src/main.c:95:6:vUITask	8	static
C:/TouchGFXProjects/Pomodoro_0/Core/Src/main.c:102:6:vTimerTask	72	static
C:/TouchGFXProjects/Pomodoro_0/Core/Src/main.c:768:6:StartDefaultTask	8	static
C:/TouchGFXProjects/Pomodoro_0/Core/Src/main.c:345:6:SystemClock_Config	136	static
C:/TouchGFXProjects/Pomodoro_0/Core/Src/main.c:234:5:main	112	static,ignoring_inline_asm
C:/TouchGFXProjects/Pomodoro_0/Core/Src/main.c:862:6:HAL_TIM_PeriodElapsedCallback	0	static
C:/TouchGFXProjects/Pomodoro_0/Core/Src/main.c:879:6:Error_Handler	0	static
