Screen.hpp:104:18:virtual void touchgfx::Screen::afterTransition()	0	static
Screen.hpp:154:18:virtual void touchgfx::Screen::handleKeyEvent(uint8_t)	0	static
Screen2View.cpp:26:6:virtual void Screen2View::tearDownScreen()	0	static
Screen2View.cpp:129:6:virtual void Screen2View::stopTimer()	16	static
Screen2View.hpp:11:13:Screen2View::~Screen2View()	8	static
Screen2View.hpp:11:13:virtual Screen2View::~Screen2View()	8	static
Screen2View.cpp:7:1:Screen2View::Screen2View()	8	static
Screen2View.cpp:13:6:virtual void Screen2View::setupScreen()	16	static
Screen2View.cpp:33:6:virtual void Screen2View::handleTickEvent()	24	static
